// Jest Snapshot v1, https://goo.gl/fbAQLP

exports[`components > Counter renders without crashing 1`] = `
<DocumentFragment>
  <div
    class="sc-gtssRu evpqoY"
  >
    <h1
      class="sc-dlnjPT bgFMnT"
    >
      Counter
    </h1>
    <button
      class="sc-bdnylx lolljv"
      type="button"
    >
      Increment by one
    </button>
    <div>
      Count: 
      <tt>
        6
      </tt>
    </div>
  </div>
</DocumentFragment>
`;
