// Jest Snapshot v1, https://goo.gl/fbAQLP

exports[`components > App renders without crashing 1`] = `
<DocumentFragment>
  <header>
    <h1>
      Let's click some buttons
    </h1>
    <h2>
      Who doesn't love buttons?
    </h2>
  </header>
  <div
    class="container"
  >
    <div
      class="counter"
    >
      <h2
        class="header"
      >
        Counter
      </h2>
      <button
        class="button button--large button--primary"
        type="button"
      >
        Increment by one
      </button>
      <div>
        Total value: 
        <strong>
          6
        </strong>
      </div>
    </div>
    <div
      class="counter"
    >
      <h2
        class="header"
      >
        Random Number
      </h2>
      <button
        class="button button--large button--primary"
        type="button"
      >
        Get random number
      </button>
      <div>
        Click the button to get random number
      </div>
    </div>
  </div>
</DocumentFragment>
`;
