// Jest Snapshot v1, https://goo.gl/fbAQLP

exports[`components > App renders without crashing 1`] = `
<DocumentFragment>
  <header
    class="sc-eCApGN kDcbDM"
  >
    <h1
      class="sc-dlnjPT sc-jSFkmK bgFMnT inRwcu"
    >
      Let's click some buttons
    </h1>
    <h2
      class="sc-hKFyIo sc-gKAblj cVZoZe fSPzzJ"
    >
      Who doesn't love buttons?
    </h2>
  </header>
  <div
    class="sc-iCoHVE bGrukv"
  >
    <div
      class="sc-gtssRu evpqoY"
    >
      <h1
        class="sc-dlnjPT bgFMnT"
      >
        Counter
      </h1>
      <button
        class="sc-bdnylx lolljv"
        type="button"
      >
        Increment by one
      </button>
      <div>
        Count: 
        <tt>
          6
        </tt>
      </div>
    </div>
    <div
      class="sc-gtssRu evpqoY"
    >
      <h1
        class="sc-dlnjPT bgFMnT"
      >
        Random Number
      </h1>
      <button
        class="sc-bdnylx lolljv"
        type="button"
      >
        Get random number
      </button>
      <div>
        Click the button to get random number
      </div>
    </div>
  </div>
</DocumentFragment>
`;
